
> rest-express@1.0.0 dev
> NODE_ENV=development tsx server/index.ts

[dotenv@17.2.1] injecting env (2) from .env -- tip: ⚙️  write to custom object with { processEnv: myObject }
3:29:35 PM [express] Database initialized successfully.
3:29:35 PM [express] serving on localhost:3000
3:29:36 PM [express] GET /api/students 200 in 5ms :: []
Browserslist: browsers data (caniuse-lite) is 12 months old. Please run:
  npx update-browserslist-db@latest
  Why you should do it regularly: https://github.com/browserslist/update-db#readme
3:29:53 PM [express] GET /api/students 200 in 1ms :: []
3:29:53 PM [express] GET /api/seating-charts 200 in 1ms :: []
[Routes] Google Drive verification endpoint called
[Routes] Checking environment variables...
[Routes] GOOGLE_SERVICE_ACCOUNT_EMAIL: SET
[Routes] GOOGLE_SERVICE_ACCOUNT_PRIVATE_KEY: SET (length: 1703)
[Routes] Environment variables configured, testing access...
[GoogleDrive] Initializing Google Drive service...
[GoogleDrive] Service account email: SET
[GoogleDrive] Private key: SET (length: 1703)
[GoogleDrive] Google Drive and Sheets services initialized
[GoogleDrive] Verifying access to Google Drive...
[GoogleDrive] Auth email: lassroom-seater-drive-access@gen-lang-client-0624712071.iam.gserviceaccount.com
[GoogleDrive] Auth scopes: [
  'https://www.googleapis.com/auth/drive.readonly',
  'https://www.googleapis.com/auth/spreadsheets.readonly'
]
[GoogleDrive] Access verification successful
[GoogleDrive] Response: {
  "files": [
    {
      "id": "1IU4KjEVkF1NHRNx6XWGfgAZQhaN0g3b7"
    }
  ]
}
[Routes] Access verification result: true
3:30:05 PM [express] GET /api/google-drive/verify 304 in 2154ms :: {"configured":true,"hasAccess":tr…
3:30:07 PM [express] GET /api/google-drive/files/1nUQ-W-f9c90Rs3xwMCU1Yi12jhh2bpAO 304 in 300ms :: […
[Import] Starting import from Google Drive file: 1IU4KjEVkF1NHRNx6XWGfgAZQhaN0g3b7
[Import] File metadata: {
  id: '1IU4KjEVkF1NHRNx6XWGfgAZQhaN0g3b7',
  name: 'Algebra P1.xlsx',
  modifiedTime: '2025-10-05T17:49:19.406Z',
  size: '9429'
}
[Import] Downloading file content from Google Drive
[Import] Downloaded 9429 bytes
[Import] Parsed 997 rows with headers: [
  'name',
  'primarylanguage',
  'skilllevel',
  'workswellwith',
  'avoidpairing',
  'notes',
  'email',
  'username',
  'password'
]
3:30:09 PM [express] POST /api/students/import-from-drive 200 in 813ms :: {"message":"Successfully i…
3:30:09 PM [express] GET /api/students 200 in 1ms :: [{"name":"Adea Hasapapaj","primaryLanguage":"Al…
3:30:18 PM [express] POST /api/seating-charts 200 in 3ms :: {"name":"test","layout":"traditional-row…
3:30:18 PM [express] GET /api/seating-charts 200 in 1ms :: [{"name":"test","layout":"traditional-row…
3:30:22 PM [express] DELETE /api/students 200 in 0ms :: {"message":"All students deleted successfull…
3:30:22 PM [express] GET /api/students 200 in 0ms :: []
3:30:25 PM [express] DELETE /api/students 200 in 1ms :: {"message":"All students deleted successfull…
3:30:25 PM [express] POST /api/students/batch 200 in 1ms :: {"message":"Successfully created 14 stud…
3:30:25 PM [express] GET /api/students 200 in 0ms :: [{"name":"Adea Hasapapaj","primaryLanguage":"Al…
3:30:30 PM [express] DELETE /api/students 200 in 0ms :: {"message":"All students deleted successfull…
3:30:30 PM [express] GET /api/students 200 in 0ms :: []
3:30:32 PM [express] DELETE /api/students 200 in 0ms :: {"message":"All students deleted successfull…
3:30:32 PM [express] POST /api/students/batch 200 in 0ms :: {"message":"Successfully created 14 stud…
3:30:32 PM [express] GET /api/students 200 in 0ms :: [{"name":"Adea Hasapapaj","primaryLanguage":"Al…
3:30:46 PM [express] POST /api/seating-charts 200 in 1ms :: {"name":"test3","layout":"traditional-ro…
3:30:46 PM [express] GET /api/seating-charts 200 in 0ms :: [{"name":"test","layout":"traditional-row…
3:30:50 PM [express] DELETE /api/students 200 in 1ms :: {"message":"All students deleted successfull…
3:30:50 PM [express] GET /api/students 200 in 0ms :: []
3:30:52 PM [express] DELETE /api/students 200 in 0ms :: {"message":"All students deleted successfull…
3:30:52 PM [express] POST /api/students/batch 200 in 0ms :: {"message":"Successfully created 14 stud…
3:30:52 PM [express] GET /api/students 200 in 0ms :: [{"name":"Adea Hasapapaj","primaryLanguage":"Al…
3:30:54 PM [express] DELETE /api/students 200 in 0ms :: {"message":"All students deleted successfull…
3:30:54 PM [express] POST /api/students/batch 200 in 0ms :: {"message":"Successfully created 14 stud…
3:30:54 PM [express] GET /api/students 200 in 1ms :: [{"name":"Adea Hasapapaj","primaryLanguage":"Al…
